../Core/Src/stm32l4xx_it.c:55:6:pop_registers_from_fault_stack	48	static
../Core/Src/stm32l4xx_it.c:95:6:NMI_Handler	4	static
../Core/Src/stm32l4xx_it.c:110:6:HardFault_Handler	4	static
../Core/Src/stm32l4xx_it.c:119:6:MemManage_Handler	4	static
../Core/Src/stm32l4xx_it.c:134:6:BusFault_Handler	4	static
../Core/Src/stm32l4xx_it.c:149:6:UsageFault_Handler	4	static
../Core/Src/stm32l4xx_it.c:164:6:DebugMon_Handler	4	static
../Core/Src/stm32l4xx_it.c:184:6:DMA1_Channel4_IRQHandler	8	static
../Core/Src/stm32l4xx_it.c:198:6:DMA1_Channel5_IRQHandler	8	static
../Core/Src/stm32l4xx_it.c:212:6:USART1_IRQHandler	8	static
../Core/Src/stm32l4xx_it.c:226:6:TIM6_DAC_IRQHandler	8	static
