21:53:31 **** Incremental Build of configuration Debug for project assignment2_nortos ****
make -j20 all 
arm-none-eabi-gcc "../Core/Src/main.c" -mcpu=cortex-m4 -std=gnu11 -g3 -DDEBUG -DUSE_HAL_DRIVER -DSTM32L475xx -c -I../Core/Inc -I../Drivers/BSP/B-L475E-IOT01 -I../Core/tasks/inc -I../Drivers/STM32L4xx_HAL_Driver/Inc -I../Drivers/STM32L4xx_HAL_Driver/Inc/Legacy -I../Drivers/CMSIS/Device/ST/STM32L4xx/Include -I../Drivers/CMSIS/Include -O0 -ffunction-sections -fdata-sections -Wall -fstack-usage -MMD -MP -MF"Core/Src/main.d" -MT"Core/Src/main.o" --specs=nano.specs -mfpu=fpv4-sp-d16 -mfloat-abi=hard -mthumb -o "Core/Src/main.o"
arm-none-eabi-g++ -o "assignment2_nortos.elf" @"objects.list"   -mcpu=cortex-m4 -T"C:\Users\cwx\Documents\Github\EE2028_stuff\assignment2_nortos\STM32L475VGTX_FLASH.ld" --specs=nosys.specs -Wl,-Map="assignment2_nortos.map" -Wl,--gc-sections -static --specs=nano.specs -mfpu=fpv4-sp-d16 -mfloat-abi=hard -mthumb -u _printf_float -u _scanf_float -Wl,--start-group -lc -lm -lstdc++ -lsupc++ -Wl,--end-group
Finished building target: assignment2_nortos.elf
 
arm-none-eabi-size   assignment2_nortos.elf 
arm-none-eabi-objdump -h -S  assignment2_nortos.elf  > "assignment2_nortos.list"
   text	   data	    bss	    dec	    hex	filename
  45940	    488	  17640	  64068	   fa44	assignment2_nortos.elf
Finished building: default.size.stdout
 
Finished building: assignment2_nortos.list
 
21:53:38 **** Incremental Build of configuration Debug for project assignment2_nortos ****
make -j20 all 
arm-none-eabi-gcc "../Core/Src/main.c" -mcpu=cortex-m4 -std=gnu11 -g3 -DDEBUG -DUSE_HAL_DRIVER -DSTM32L475xx -c -I../Core/Inc -I../Drivers/BSP/B-L475E-IOT01 -I../Core/tasks/inc -I../Drivers/STM32L4xx_HAL_Driver/Inc -I../Drivers/STM32L4xx_HAL_Driver/Inc/Legacy -I../Drivers/CMSIS/Device/ST/STM32L4xx/Include -I../Drivers/CMSIS/Include -O0 -ffunction-sections -fdata-sections -Wall -fstack-usage -MMD -MP -MF"Core/Src/main.d" -MT"Core/Src/main.o" --specs=nano.specs -mfpu=fpv4-sp-d16 -mfloat-abi=hard -mthumb -o "Core/Src/main.o"
arm-none-eabi-g++ -o "assignment2_nortos.elf" @"objects.list"   -mcpu=cortex-m4 -T"C:\Users\cwx\Documents\Github\EE2028_stuff\assignment2_nortos\STM32L475VGTX_FLASH.ld" --specs=nosys.specs -Wl,-Map="assignment2_nortos.map" -Wl,--gc-sections -static --specs=nano.specs -mfpu=fpv4-sp-d16 -mfloat-abi=hard -mthumb -u _printf_float -u _scanf_float -Wl,--start-group -lc -lm -lstdc++ -lsupc++ -Wl,--end-group
Finished building target: assignment2_nortos.elf
 
arm-none-eabi-size   assignment2_nortos.elf 
arm-none-eabi-objdump -h -S  assignment2_nortos.elf  > "assignment2_nortos.list"
   text	   data	    bss	    dec	    hex	filename
  45940	    488	  17640	  64068	   fa44	assignment2_nortos.elf
Finished building: default.size.stdout
 
Finished building: assignment2_nortos.list
 
21:54:31 **** Incremental Build of configuration Debug for project assignment2_nortos ****
make -j20 all 
arm-none-eabi-gcc "../Core/Src/main.c" -mcpu=cortex-m4 -std=gnu11 -g3 -DDEBUG -DUSE_HAL_DRIVER -DSTM32L475xx -c -I../Core/Inc -I../Drivers/BSP/B-L475E-IOT01 -I../Core/tasks/inc -I../Drivers/STM32L4xx_HAL_Driver/Inc -I../Drivers/STM32L4xx_HAL_Driver/Inc/Legacy -I../Drivers/CMSIS/Device/ST/STM32L4xx/Include -I../Drivers/CMSIS/Include -O0 -ffunction-sections -fdata-sections -Wall -fstack-usage -MMD -MP -MF"Core/Src/main.d" -MT"Core/Src/main.o" --specs=nano.specs -mfpu=fpv4-sp-d16 -mfloat-abi=hard -mthumb -o "Core/Src/main.o"
arm-none-eabi-g++ -o "assignment2_nortos.elf" @"objects.list"   -mcpu=cortex-m4 -T"C:\Users\cwx\Documents\Github\EE2028_stuff\assignment2_nortos\STM32L475VGTX_FLASH.ld" --specs=nosys.specs -Wl,-Map="assignment2_nortos.map" -Wl,--gc-sections -static --specs=nano.specs -mfpu=fpv4-sp-d16 -mfloat-abi=hard -mthumb -u _printf_float -u _scanf_float -Wl,--start-group -lc -lm -lstdc++ -lsupc++ -Wl,--end-group
Finished building target: assignment2_nortos.elf
 
arm-none-eabi-size   assignment2_nortos.elf 
arm-none-eabi-objdump -h -S  assignment2_nortos.elf  > "assignment2_nortos.list"
   text	   data	    bss	    dec	    hex	filename
  45940	    488	  17640	  64068	   fa44	assignment2_nortos.elf
Finished building: default.size.stdout
 
Finished building: assignment2_nortos.list
 
